
> one-min-ai-monaco-client@1.0.0 test
> node --experimental-vm-modules node_modules/jest/bin/jest.js

node.exe : (node:40920) ExperimentalWarning: VM Modules is an experimental feature and might change at any time
発生場所 行:1 文字:1
+ & "C:\Program Files\nodejs/node.exe" "C:\Program Files\nodejs/node_mo ...
+ ~~~~~~~~~~~~~~~~~~~~~~~~~~~~~~~~~~~~~~~~~~~~~~~~~~~~~~~~~~~~~~~~~~~~~
    + CategoryInfo          : NotSpecified: ((node:40920) Ex...nge at any time:String) [], RemoteException
    + FullyQualifiedErrorId : NativeCommandError
 
(Use `node --trace-warnings ...` to show where the warning was created)
(node:41252) ExperimentalWarning: VM Modules is an experimental feature and might change at any time
(Use `node --trace-warnings ...` to show where the warning was created)
PASS tests/models-config.test.js
  笳・Console

    console.log
      [36m[2026-06-21T01:24:01.189Z] [INFO] Models dynamically fetched and updated from 1min.ai API.[0m

      at Logger._log (utils/logger.js:131:13)

    console.log
      [36m[2026-06-21T01:24:01.192Z] [INFO] 1min.ai /api/models is unavailable (404). Using hardcoded fallback models.
[0m

      at Logger._log (utils/logger.js:131:13)

    console.log
      [31m[2026-06-21T01:24:01.193Z] [ERROR] Failed to fetch models dynamically from 1min.ai API. {"error":"1min.ai re
quest failed: 500","status":500}[0m

      at Logger._log (utils/logger.js:131:13)

    console.log
      [36m[2026-06-21T01:24:01.194Z] [INFO] Models dynamically fetched and updated from 1min.ai API.[0m

      at Logger._log (utils/logger.js:131:13)

(node:32496) ExperimentalWarning: VM Modules is an experimental feature and might change at any time
(Use `node --trace-warnings ...` to show where the warning was created)
PASS tests/server-config.test.js
(node:41268) ExperimentalWarning: VM Modules is an experimental feature and might change at any time
(Use `node --trace-warnings ...` to show where the warning was created)
PASS tests/utils.test.js
  笳・Console

    console.warn
      parseXMLTags: input exceeds maximum size, dropping

    [0m [90m 178 |[39m   [90m// on regex backtracking or JSON.parse over multi-megabyte strings.[39m
     [90m 179 |[39m   [36mif[39m (text[33m.[39mlength [33m>[39m [33mPARSE_INPUT_MAX_CHARS[39m) {
    [31m[1m>[22m[39m[90m 180 |[39m     console[33m.[39mwarn([32m"parseXMLTags: input exceeds maximum size, dro
pping"[39m)[33m;[39m
     [90m     |[39m             [31m[1m^[22m[39m
     [90m 181 |[39m     [36mreturn[39m empty[33m;[39m
     [90m 182 |[39m   }
     [90m 183 |[39m[0m

      at parseXMLTags (public/js/utils.js:180:13)
      at Object.<anonymous> (tests/utils.test.js:200:17)

(node:36624) ExperimentalWarning: VM Modules is an experimental feature and might change at any time
(Use `node --trace-warnings ...` to show where the warning was created)
PASS tests/api-client-retry.test.js
(node:38016) ExperimentalWarning: VM Modules is an experimental feature and might change at any time
(Use `node --trace-warnings ...` to show where the warning was created)
PASS tests/fs-guard.test.js
PASS tests/api-client.test.js
PASS tests/web-search.test.js
(node:33824) ExperimentalWarning: VM Modules is an experimental feature and might change at any time
(Use `node --trace-warnings ...` to show where the warning was created)
(node:27064) ExperimentalWarning: VM Modules is an experimental feature and might change at any time
(Use `node --trace-warnings ...` to show where the warning was created)
(node:44412) ExperimentalWarning: VM Modules is an experimental feature and might change at any time
(Use `node --trace-warnings ...` to show where the warning was created)
(node:40916) ExperimentalWarning: VM Modules is an experimental feature and might change at any time
(Use `node --trace-warnings ...` to show where the warning was created)
(node:10732) ExperimentalWarning: VM Modules is an experimental feature and might change at any time
(Use `node --trace-warnings ...` to show where the warning was created)
(node:26400) ExperimentalWarning: VM Modules is an experimental feature and might change at any time
(Use `node --trace-warnings ...` to show where the warning was created)
(node:39012) ExperimentalWarning: VM Modules is an experimental feature and might change at any time
(Use `node --trace-warnings ...` to show where the warning was created)
(node:38156) ExperimentalWarning: VM Modules is an experimental feature and might change at any time
(Use `node --trace-warnings ...` to show where the warning was created)
(node:38852) ExperimentalWarning: VM Modules is an experimental feature and might change at any time
(Use `node --trace-warnings ...` to show where the warning was created)
PASS tests/csp-style-src.test.js
  笳・Console

    console.log
      [36m[2026-06-21T01:24:01.555Z] [INFO] GET / {"status":200,"duration":"4ms","ip":"::ffff:127.0.0.1"}[0m

      at Logger._log (utils/logger.js:131:13)

    console.log
      [36m[2026-06-21T01:24:01.564Z] [INFO] GET / {"status":200,"duration":"1ms","ip":"::ffff:127.0.0.1"}[0m

      at Logger._log (utils/logger.js:131:13)

    console.log
      [36m[2026-06-21T01:24:01.568Z] [INFO] GET / {"status":200,"duration":"0ms","ip":"::ffff:127.0.0.1"}[0m

      at Logger._log (utils/logger.js:131:13)

    console.log
      [36m[2026-06-21T01:24:01.574Z] [INFO] GET / {"status":200,"duration":"1ms","ip":"::ffff:127.0.0.1"}[0m

      at Logger._log (utils/logger.js:131:13)

    console.log
      [36m[2026-06-21T01:24:01.580Z] [INFO] GET / {"status":200,"duration":"1ms","ip":"::ffff:127.0.0.1"}[0m

      at Logger._log (utils/logger.js:131:13)

PASS tests/review-fixes.test.js
  笳・Console

    console.log
      [36m[2026-06-21T01:24:01.557Z] [INFO] Processing asset upload {"filename":"test.txt","size":5,"mimetype":"text/p
lain"}[0m

      at Logger._log (utils/logger.js:131:13)

    console.log
      [36m[2026-06-21T01:24:01.561Z] [INFO] Asset upload successful {"filename":"test.txt"}[0m

      at Logger._log (utils/logger.js:131:13)

    console.log
      [36m[2026-06-21T01:24:01.562Z] [INFO] POST /api/assets/upload {"status":200,"duration":"17ms","ip":"::ffff:127.0
.0.1"}[0m

      at Logger._log (utils/logger.js:131:13)

    console.log
      [36m[2026-06-21T01:24:01.572Z] [INFO] Processing asset upload {"filename":"test.txt","size":5,"mimetype":"text/p
lain"}[0m

      at Logger._log (utils/logger.js:131:13)

    console.log
      [36m[2026-06-21T01:24:01.572Z] [INFO] Asset upload successful {"filename":"test.txt"}[0m

      at Logger._log (utils/logger.js:131:13)

    console.log
      [36m[2026-06-21T01:24:01.573Z] [INFO] POST /api/assets/upload {"status":200,"duration":"3ms","ip":"::ffff:127.0.
0.1"}[0m

      at Logger._log (utils/logger.js:131:13)

    console.log
      [36m[2026-06-21T01:24:01.580Z] [INFO] Processing asset upload {"filename":"test.txt","size":5,"mimetype":"text/p
lain"}[0m

      at Logger._log (utils/logger.js:131:13)

    console.log
      [36m[2026-06-21T01:24:01.581Z] [INFO] Asset upload successful {"filename":"test.txt"}[0m

      at Logger._log (utils/logger.js:131:13)

    console.log
      [36m[2026-06-21T01:24:01.581Z] [INFO] POST /api/assets/upload {"status":200,"duration":"2ms","ip":"::ffff:127.0.
0.1"}[0m

      at Logger._log (utils/logger.js:131:13)

    console.log
      [36m[2026-06-21T01:24:01.586Z] [INFO] GET / {"status":200,"duration":"1ms","ip":"::ffff:127.0.0.1"}[0m

      at Logger._log (utils/logger.js:131:13)

    console.log
      [36m[2026-06-21T01:24:01.592Z] [INFO] GET /js/api.js {"status":200,"duration":"2ms","ip":"::ffff:127.0.0.1"}[0m

      at Logger._log (utils/logger.js:131:13)

    console.log
      [31m[2026-06-21T01:24:01.610Z] [ERROR] API Error: 500 {"error":"1min.ai request failed: 500","status":500,"metho
d":"POST","url":"/api/chat"}[0m

      at Logger._log (utils/logger.js:131:13)

    console.log
      [36m[2026-06-21T01:24:01.612Z] [INFO] POST /api/chat {"status":500,"duration":"13ms","ip":"::ffff:127.0.0.1"}[0
m

      at Logger._log (utils/logger.js:131:13)

    console.log
      [36m[2026-06-21T01:24:01.618Z] [INFO] POST /api/chat {"status":400,"duration":"2ms","ip":"::ffff:127.0.0.1"}[0m

      at Logger._log (utils/logger.js:131:13)

    console.log
      [31m[2026-06-21T01:24:01.626Z] [ERROR] API Error: 400 {"error":"1min.ai request failed: 400","status":400,"metho
d":"POST","url":"/api/chat"}[0m

      at Logger._log (utils/logger.js:131:13)

    console.log
      [36m[2026-06-21T01:24:01.626Z] [INFO] POST /api/chat {"status":400,"duration":"1ms","ip":"::ffff:127.0.0.1"}[0m

      at Logger._log (utils/logger.js:131:13)

    console.log
      [31m[2026-06-21T01:24:01.632Z] [ERROR] API Error: 400 {"error":"1min.ai request failed: 400","status":400,"metho
d":"POST","url":"/api/chat","stack":"Error: 1min.ai request failed: 400\n    at Object.<anonymous> (C:\\Users\\mibu0\\D
ocuments\\develop\\one-min-ai-monaco-client\\tests\\review-fixes.test.js:194:35)\n    at Promise.finally.completed (C:\
\Users\\mibu0\\Documents\\develop\\one-min-ai-monaco-client\\node_modules\\jest-circus\\build\\jestAdapterInit.js:1561:
28)\n    at new Promise (<anonymous>)\n    at callAsyncCircusFn (C:\\Users\\mibu0\\Documents\\develop\\one-min-ai-monac
o-client\\node_modules\\jest-circus\\build\\jestAdapterInit.js:1501:10)\n    at _callCircusTest (C:\\Users\\mibu0\\Docu
ments\\develop\\one-min-ai-monaco-client\\node_modules\\jest-circus\\build\\jestAdapterInit.js:1011:40)\n    at process
TicksAndRejections (node:internal/process/task_queues:104:5)\n    at _runTest (C:\\Users\\mibu0\\Documents\\develop\\on
e-min-ai-monaco-client\\node_modules\\jest-circus\\build\\jestAdapterInit.js:951:3)\n    at C:\\Users\\mibu0\\Documents
\\develop\\one-min-ai-monaco-client\\node_modules\\jest-circus\\build\\jestAdapterInit.js:853:7\n    at _runTestsForDes
cribeBlock (C:\\Users\\mibu0\\Documents\\develop\\one-mi...[truncated]"}[0m

      at Logger._log (utils/logger.js:131:13)

    console.log
      [36m[2026-06-21T01:24:01.632Z] [INFO] POST /api/chat {"status":400,"duration":"2ms","ip":"::ffff:127.0.0.1"}[0m

      at Logger._log (utils/logger.js:131:13)

PASS tests/known-issues-fixes.test.js
  笳・Console

    console.log
      [36m[2026-06-21T01:24:01.555Z] [INFO] POST /api/images/generate {"status":400,"duration":"14ms","ip":"::ffff:127
.0.0.1"}[0m

      at Logger._log (utils/logger.js:131:13)

    console.log
      [36m[2026-06-21T01:24:01.565Z] [INFO] POST /api/images/generate {"status":200,"duration":"1ms","ip":"::ffff:127.
0.0.1"}[0m

      at Logger._log (utils/logger.js:131:13)

    console.log
      [36m[2026-06-21T01:24:01.572Z] [INFO] POST /api/images/generate {"status":400,"duration":"2ms","ip":"::ffff:127.
0.0.1"}[0m

      at Logger._log (utils/logger.js:131:13)

    console.log
      [36m[2026-06-21T01:24:01.576Z] [INFO] POST /api/images/generate {"status":400,"duration":"1ms","ip":"::ffff:127.
0.0.1"}[0m

      at Logger._log (utils/logger.js:131:13)

    console.log
      [36m[2026-06-21T01:24:01.580Z] [INFO] POST /api/images/generate {"status":400,"duration":"1ms","ip":"::ffff:127.
0.0.1"}[0m

      at Logger._log (utils/logger.js:131:13)

    console.log
      [36m[2026-06-21T01:24:01.583Z] [INFO] POST /api/images/generate {"status":400,"duration":"0ms","ip":"::ffff:127.
0.0.1"}[0m

      at Logger._log (utils/logger.js:131:13)

    console.log
      [36m[2026-06-21T01:24:01.589Z] [INFO] POST /api/images/text-editor {"status":400,"duration":"1ms","ip":"::ffff:1
27.0.0.1"}[0m

      at Logger._log (utils/logger.js:131:13)

    console.log
      [36m[2026-06-21T01:24:01.594Z] [INFO] POST /api/images/generate {"status":200,"duration":"1ms","ip":"::ffff:127.
0.0.1"}[0m

      at Logger._log (utils/logger.js:131:13)

    console.log
      [36m[2026-06-21T01:24:01.599Z] [INFO] POST /api/images/text-editor {"status":400,"duration":"1ms","ip":"::ffff:1
27.0.0.1"}[0m

      at Logger._log (utils/logger.js:131:13)

    console.log
      [36m[2026-06-21T01:24:01.608Z] [INFO] POST /api/images/text-editor {"status":200,"duration":"1ms","ip":"::ffff:1
27.0.0.1"}[0m

      at Logger._log (utils/logger.js:131:13)

    console.log
      [36m[2026-06-21T01:24:01.623Z] [INFO] POST /api/agent/sessions {"status":200,"duration":"3ms","ip":"::ffff:127.0
.0.1"}[0m

      at Logger._log (utils/logger.js:131:13)

    console.log
      [36m[2026-06-21T01:24:01.640Z] [INFO] GET /api/agent/sessions/14eb9c3e-d5cb-4d7e-81a6-c63191ba0e64/search?query=
needle {"status":200,"duration":"11ms","ip":"::ffff:127.0.0.1"}[0m

      at Logger._log (utils/logger.js:131:13)

PASS tests/routes.test.js
  笳・Console

    console.log
      [36m[2026-06-21T01:24:01.559Z] [INFO] GET /api/models {"status":200,"duration":"19ms","ip":"::ffff:127.0.0.1"}[
0m

      at Logger._log (utils/logger.js:131:13)

    console.log
      [36m[2026-06-21T01:24:01.583Z] [INFO] POST /api/chat {"status":200,"duration":"12ms","ip":"::ffff:127.0.0.1"}[0
m

      at Logger._log (utils/logger.js:131:13)

    console.log
      [36m[2026-06-21T01:24:01.590Z] [INFO] POST /api/chat {"status":400,"duration":"1ms","ip":"::ffff:127.0.0.1"}[0m

      at Logger._log (utils/logger.js:131:13)

    console.log
      [36m[2026-06-21T01:24:01.596Z] [INFO] POST /api/images/generate {"status":200,"duration":"1ms","ip":"::ffff:127.
0.0.1"}[0m

      at Logger._log (utils/logger.js:131:13)

    console.log
      [36m[2026-06-21T01:24:01.601Z] [INFO] POST /api/images/generate {"status":400,"duration":"1ms","ip":"::ffff:127.
0.0.1"}[0m

      at Logger._log (utils/logger.js:131:13)

    console.log
      [36m[2026-06-21T01:24:01.607Z] [INFO] POST /api/code/generate {"status":200,"duration":"1ms","ip":"::ffff:127.0.
0.1"}[0m

      at Logger._log (utils/logger.js:131:13)

    console.log
      [36m[2026-06-21T01:24:01.615Z] [INFO] POST /api/code/generate {"status":400,"duration":"0ms","ip":"::ffff:127.0.
0.1"}[0m

      at Logger._log (utils/logger.js:131:13)

    console.log
      [36m[2026-06-21T01:24:01.626Z] [INFO] Processing asset upload {"filename":"test.txt","size":5,"mimetype":"text/p
lain"}[0m

      at Logger._log (utils/logger.js:131:13)

    console.log
      [36m[2026-06-21T01:24:01.627Z] [INFO] Asset upload successful {"filename":"test.txt"}[0m

      at Logger._log (utils/logger.js:131:13)

    console.log
      [36m[2026-06-21T01:24:01.628Z] [INFO] POST /api/assets/upload {"status":200,"duration":"8ms","ip":"::ffff:127.0.
0.1"}[0m

      at Logger._log (utils/logger.js:131:13)

    console.log
      [36m[2026-06-21T01:24:01.634Z] [INFO] POST /api/code/autocomplete {"status":200,"duration":"2ms","ip":"::ffff:12
7.0.0.1"}[0m

      at Logger._log (utils/logger.js:131:13)

    console.log
      [36m[2026-06-21T01:24:01.640Z] [INFO] POST /api/images/text-editor {"status":200,"duration":"2ms","ip":"::ffff:1
27.0.0.1"}[0m

      at Logger._log (utils/logger.js:131:13)

    console.log
      [36m[2026-06-21T01:24:01.644Z] [INFO] POST /api/images/text-editor {"status":400,"duration":"1ms","ip":"::ffff:1
27.0.0.1"}[0m

      at Logger._log (utils/logger.js:131:13)

    console.log
      [36m[2026-06-21T01:24:01.649Z] [INFO] POST /api/images/text-editor {"status":400,"duration":"1ms","ip":"::ffff:1
27.0.0.1"}[0m

      at Logger._log (utils/logger.js:131:13)

    console.log
      [36m[2026-06-21T01:24:01.654Z] [INFO] POST /api/agent/chat {"status":200,"duration":"2ms","ip":"::ffff:127.0.0.1
"}[0m

      at Logger._log (utils/logger.js:131:13)

    console.log
      [36m[2026-06-21T01:24:01.659Z] [INFO] POST /api/agent/chat {"status":200,"duration":"1ms","ip":"::ffff:127.0.0.1
"}[0m

      at Logger._log (utils/logger.js:131:13)

    console.log
      [36m[2026-06-21T01:24:01.663Z] [INFO] POST /api/agent/chat {"status":400,"duration":"1ms","ip":"::ffff:127.0.0.1
"}[0m

      at Logger._log (utils/logger.js:131:13)

    console.log
      [36m[2026-06-21T01:24:01.667Z] [INFO] POST /api/agent/chat {"status":400,"duration":"0ms","ip":"::ffff:127.0.0.1
"}[0m

      at Logger._log (utils/logger.js:131:13)

    console.log
      [36m[2026-06-21T01:24:01.673Z] [INFO] GET /api/assets/proxy?key=images%2Ftest.png {"status":200,"duration":"1ms"
,"ip":"::ffff:127.0.0.1"}[0m

      at Logger._log (utils/logger.js:131:13)

    console.log
      [36m[2026-06-21T01:24:01.677Z] [INFO] GET /api/assets/proxy?url=https%3A%2F%2Fevil.com%2Fmalicious.png {"status"
:403,"duration":"0ms","ip":"::ffff:127.0.0.1"}[0m

      at Logger._log (utils/logger.js:131:13)

    console.log
      [36m[2026-06-21T01:24:01.681Z] [INFO] GET /api/assets/proxy?url=https%3A%2F%2Fevil-bucket.s3.amazonaws.com%2Fmal
icious.png {"status":403,"duration":"1ms","ip":"::ffff:127.0.0.1"}[0m

      at Logger._log (utils/logger.js:131:13)

PASS tests/server.test.js
  笳・Console

    console.log
      [31m[2026-06-21T01:24:01.585Z] [ERROR] API Error: 403 {"error":"Local BFF authentication required or invalid tok
en","status":403,"method":"GET","url":"/api/fs/config"}[0m

      at Logger._log (utils/logger.js:131:13)

    console.log
      [36m[2026-06-21T01:24:01.590Z] [INFO] GET /api/fs/config {"status":403,"duration":"30ms","ip":"::ffff:127.0.0.1"
}[0m

      at Logger._log (utils/logger.js:131:13)

    console.log
      [31m[2026-06-21T01:24:01.604Z] [ERROR] API Error: 403 {"error":"Local BFF authentication required or invalid tok
en","status":403,"method":"POST","url":"/api/chat"}[0m

      at Logger._log (utils/logger.js:131:13)

    console.log
      [36m[2026-06-21T01:24:01.605Z] [INFO] POST /api/chat {"status":403,"duration":"10ms","ip":"::ffff:127.0.0.1"}[0
m

      at Logger._log (utils/logger.js:131:13)

    console.log
      [36m[2026-06-21T01:24:01.613Z] [INFO] POST /api/chat {"status":200,"duration":"3ms","ip":"::ffff:127.0.0.1"}[0m

      at Logger._log (utils/logger.js:131:13)

    console.log
      [36m[2026-06-21T01:24:01.620Z] [INFO] GET /api/fs/config {"status":200,"duration":"2ms","ip":"::ffff:127.0.0.1"}
[0m

      at Logger._log (utils/logger.js:131:13)

    console.log
      [31m[2026-06-21T01:24:01.628Z] [ERROR] API Error: 403 {"error":"Local BFF authentication required or invalid tok
en","status":403,"method":"GET","url":"/api/fs/config"}[0m

      at Logger._log (utils/logger.js:131:13)

    console.log
      [36m[2026-06-21T01:24:01.629Z] [INFO] GET /api/fs/config {"status":403,"duration":"1ms","ip":"::ffff:127.0.0.1"}
[0m

      at Logger._log (utils/logger.js:131:13)

    console.log
      [33m[2026-06-21T01:24:01.633Z] [WARN] CORS request blocked from origin {"origin":"https://evil.example"}[0m

      at Logger._log (utils/logger.js:131:13)

    console.log
      [36m[2026-06-21T01:24:01.639Z] [INFO] GET /api/fs/config {"status":200,"duration":"1ms","ip":"::ffff:127.0.0.1"}
[0m

      at Logger._log (utils/logger.js:131:13)

    console.log
      [36m[2026-06-21T01:24:01.644Z] [INFO] GET /api/models {"status":200,"duration":"1ms","ip":"::ffff:127.0.0.1"}[0
m

      at Logger._log (utils/logger.js:131:13)

    console.log
      [36m[2026-06-21T01:24:01.654Z] [INFO] GET /api/fs/read?path=server.js {"status":200,"duration":"6ms","ip":"::fff
f:127.0.0.1"}[0m

      at Logger._log (utils/logger.js:131:13)

    console.log
      [31m[2026-06-21T01:24:01.660Z] [ERROR] API Error: 403 {"error":"Access denied: Path is protected: .env","status"
:403,"method":"GET","url":"/api/fs/read?path=.env"}[0m

      at Logger._log (utils/logger.js:131:13)

    console.log
      [36m[2026-06-21T01:24:01.661Z] [INFO] GET /api/fs/read?path=.env {"status":403,"duration":"3ms","ip":"::ffff:127
.0.0.1"}[0m

      at Logger._log (utils/logger.js:131:13)

    console.log
      [36m[2026-06-21T01:24:01.665Z] [INFO] POST /api/chat {"status":200,"duration":"1ms","ip":"::ffff:127.0.0.1"}[0m

      at Logger._log (utils/logger.js:131:13)

    console.log
      [36m[2026-06-21T01:24:01.672Z] [INFO] GET /js/api.js {"status":200,"duration":"2ms","ip":"::ffff:127.0.0.1"}[0m

      at Logger._log (utils/logger.js:131:13)

    console.log
      [36m[2026-06-21T01:24:01.683Z] [INFO] POST /api/assets/upload {"status":400,"duration":"1ms","ip":"::ffff:127.0.
0.1"}[0m

      at Logger._log (utils/logger.js:131:13)

    console.log
      [36m[2026-06-21T01:24:01.688Z] [INFO] GET /api/fs/read {"status":400,"duration":"1ms","ip":"::ffff:127.0.0.1"}[
0m

      at Logger._log (utils/logger.js:131:13)

    console.log
      [36m[2026-06-21T01:24:01.692Z] [INFO] POST /api/chat {"status":400,"duration":"1ms","ip":"::ffff:127.0.0.1"}[0m

      at Logger._log (utils/logger.js:131:13)

PASS tests/fs-routes.test.js
  笳・Console

    console.log
      [36m[2026-06-21T01:24:01.534Z] [INFO] GET /api/fs/config {"status":200,"duration":"3ms","ip":"::ffff:127.0.0.1"}
[0m

      at Logger._log (utils/logger.js:131:13)

    console.log
      [36m[2026-06-21T01:24:01.545Z] [INFO] GET /api/fs/roots {"status":200,"duration":"0ms","ip":"::ffff:127.0.0.1"}
[0m

      at Logger._log (utils/logger.js:131:13)

    console.log
      [36m[2026-06-21T01:24:01.553Z] [INFO] GET /api/fs/list?dir=C%3A%5CUsers%5Cmibu0%5CAppData%5CLocal%5CTemp%5Cfs-ro
ute-test-VbP257 {"status":200,"duration":"4ms","ip":"::ffff:127.0.0.1"}[0m

      at Logger._log (utils/logger.js:131:13)

    console.log
      [36m[2026-06-21T01:24:01.560Z] [INFO] GET /api/fs/list {"status":200,"duration":"1ms","ip":"::ffff:127.0.0.1"}[
0m

      at Logger._log (utils/logger.js:131:13)

    console.log
      [36m[2026-06-21T01:24:01.579Z] [INFO] POST /api/fs/write {"status":200,"duration":"15ms","ip":"::ffff:127.0.0.1"
}[0m

      at Logger._log (utils/logger.js:131:13)

    console.log
      [36m[2026-06-21T01:24:01.586Z] [INFO] GET /api/fs/read?path=C%3A%5CUsers%5Cmibu0%5CAppData%5CLocal%5CTemp%5Cfs-r
oute-test-N9BCQO%5Croundtrip.txt {"status":200,"duration":"5ms","ip":"::ffff:127.0.0.1"}[0m

      at Logger._log (utils/logger.js:131:13)

    console.log
      [36m[2026-06-21T01:24:01.593Z] [INFO] GET /api/fs/read {"status":400,"duration":"1ms","ip":"::ffff:127.0.0.1"}[
0m

      at Logger._log (utils/logger.js:131:13)

    console.log
      [36m[2026-06-21T01:24:01.598Z] [INFO] POST /api/fs/write {"status":400,"duration":"1ms","ip":"::ffff:127.0.0.1"}
[0m

      at Logger._log (utils/logger.js:131:13)

    console.log
      [36m[2026-06-21T01:24:01.607Z] [INFO] POST /api/fs/write {"status":400,"duration":"1ms","ip":"::ffff:127.0.0.1"}
[0m

      at Logger._log (utils/logger.js:131:13)

    console.log
      [36m[2026-06-21T01:24:01.616Z] [INFO] POST /api/fs/create {"status":200,"duration":"4ms","ip":"::ffff:127.0.0.1"
}[0m

      at Logger._log (utils/logger.js:131:13)

    console.log
      [36m[2026-06-21T01:24:01.626Z] [INFO] POST /api/fs/create {"status":200,"duration":"3ms","ip":"::ffff:127.0.0.1"
}[0m

      at Logger._log (utils/logger.js:131:13)

    console.log
      [36m[2026-06-21T01:24:01.635Z] [INFO] POST /api/fs/delete {"status":200,"duration":"4ms","ip":"::ffff:127.0.0.1"
}[0m

      at Logger._log (utils/logger.js:131:13)

    console.log
      [36m[2026-06-21T01:24:01.641Z] [INFO] POST /api/fs/delete {"status":400,"duration":"0ms","ip":"::ffff:127.0.0.1"
}[0m

      at Logger._log (utils/logger.js:131:13)

    console.log
      [36m[2026-06-21T01:24:01.653Z] [INFO] POST /api/fs/rename {"status":200,"duration":"6ms","ip":"::ffff:127.0.0.1"
}[0m

      at Logger._log (utils/logger.js:131:13)

    console.log
      [36m[2026-06-21T01:24:01.659Z] [INFO] POST /api/fs/rename {"status":400,"duration":"1ms","ip":"::ffff:127.0.0.1"
}[0m

      at Logger._log (utils/logger.js:131:13)

    console.log
      [31m[2026-06-21T01:24:01.665Z] [ERROR] API Error: 403 {"error":"Access denied: Path is protected: .env","status"
:403,"method":"GET","url":"/api/fs/read?path=.env"}[0m

      at Logger._log (utils/logger.js:131:13)

    console.log
      [36m[2026-06-21T01:24:01.668Z] [INFO] GET /api/fs/read?path=.env {"status":403,"duration":"5ms","ip":"::ffff:127
.0.0.1"}[0m

      at Logger._log (utils/logger.js:131:13)

    console.log
      [31m[2026-06-21T01:24:01.673Z] [ERROR] API Error: 403 {"error":"Access denied: Path is protected from write oper
ations: server.js","status":403,"method":"POST","url":"/api/fs/write"}[0m

      at Logger._log (utils/logger.js:131:13)

    console.log
      [36m[2026-06-21T01:24:01.675Z] [INFO] POST /api/fs/write {"status":403,"duration":"3ms","ip":"::ffff:127.0.0.1"}
[0m

      at Logger._log (utils/logger.js:131:13)

    console.log
      [31m[2026-06-21T01:24:01.680Z] [ERROR] API Error: 403 {"error":"Access denied: Path is protected from write oper
ations: package.json","status":403,"method":"POST","url":"/api/fs/delete"}[0m

      at Logger._log (utils/logger.js:131:13)

    console.log
      [36m[2026-06-21T01:24:01.681Z] [INFO] POST /api/fs/delete {"status":403,"duration":"3ms","ip":"::ffff:127.0.0.1"
}[0m

      at Logger._log (utils/logger.js:131:13)

    console.log
      [31m[2026-06-21T01:24:01.688Z] [ERROR] API Error: 403 {"error":"Access denied: Path is protected from write oper
ations: utils/api-client.js","status":403,"method":"POST","url":"/api/fs/rename"}[0m

      at Logger._log (utils/logger.js:131:13)

    console.log
      [36m[2026-06-21T01:24:01.688Z] [INFO] POST /api/fs/rename {"status":403,"duration":"3ms","ip":"::ffff:127.0.0.1"
}[0m

      at Logger._log (utils/logger.js:131:13)

    console.log
      [36m[2026-06-21T01:24:01.695Z] [INFO] GET /api/fs/read?path=C%3A%5CUsers%5Cmibu0%5CAppData%5CLocal%5CTemp%5Cfs-r
oute-test-5XILs9%5Cimage.png {"status":400,"duration":"2ms","ip":"::ffff:127.0.0.1"}[0m

      at Logger._log (utils/logger.js:131:13)

FAIL tests/agent-approval.test.js
  笳・Console

    console.log
      [36m[2026-06-21T01:24:01.553Z] [INFO] POST /api/agent/sessions {"status":200,"duration":"14ms","ip":"::ffff:127.
0.0.1"}[0m

      at Logger._log (utils/logger.js:131:13)

    console.log
      [36m[2026-06-21T01:24:01.564Z] [INFO] Command execution paused, awaiting user approval {"sessionId":"a81bb96e-db
9d-42ce-8632-d8da9293c463","command":"echo","cwd":"C:\\Users\\mibu0\\Documents\\develop\\one-min-ai-monaco-client","app
rovalToken":"[MASKED]"}[0m

      at Logger._log (utils/logger.js:131:13)

    console.log
      [36m[2026-06-21T01:24:01.567Z] [INFO] POST /api/agent/sessions/a81bb96e-db9d-42ce-8632-d8da9293c463/commands {"s
tatus":200,"duration":"6ms","ip":"::ffff:127.0.0.1"}[0m

      at Logger._log (utils/logger.js:131:13)

    console.log
      [36m[2026-06-21T01:24:01.575Z] [INFO] POST /api/agent/sessions {"status":200,"duration":"2ms","ip":"::ffff:127.0
.0.1"}[0m

      at Logger._log (utils/logger.js:131:13)

    console.log
      [36m[2026-06-21T01:24:01.579Z] [INFO] POST /api/agent/sessions/nonexistent-id/commands {"status":404,"duration":
"1ms","ip":"::ffff:127.0.0.1"}[0m

      at Logger._log (utils/logger.js:131:13)

    console.log
      [36m[2026-06-21T01:24:01.585Z] [INFO] POST /api/agent/sessions {"status":200,"duration":"2ms","ip":"::ffff:127.0
.0.1"}[0m

      at Logger._log (utils/logger.js:131:13)

    console.log
      [36m[2026-06-21T01:24:01.589Z] [INFO] POST /api/agent/sessions/42e8c5a0-fdbd-486a-b919-9c38ff069649/commands {"s
tatus":400,"duration":"1ms","ip":"::ffff:127.0.0.1"}[0m

      at Logger._log (utils/logger.js:131:13)

    console.log
      [36m[2026-06-21T01:24:01.598Z] [INFO] POST /api/agent/sessions {"status":200,"duration":"2ms","ip":"::ffff:127.0
.0.1"}[0m

      at Logger._log (utils/logger.js:131:13)

    console.log
      [36m[2026-06-21T01:24:01.602Z] [INFO] POST /api/agent/sessions/4b8b1df8-669e-413a-898c-a6beea2a5671/commands {"s
tatus":400,"duration":"2ms","ip":"::ffff:127.0.0.1"}[0m

      at Logger._log (utils/logger.js:131:13)

    console.log
      [36m[2026-06-21T01:24:01.609Z] [INFO] POST /api/agent/sessions {"status":200,"duration":"2ms","ip":"::ffff:127.0
.0.1"}[0m

      at Logger._log (utils/logger.js:131:13)

    console.log
      [36m[2026-06-21T01:24:01.614Z] [INFO] Command execution paused, awaiting user approval {"sessionId":"7ef55c30-1e
81-43ee-bd9e-38b3278e2fff","command":"echo","cwd":"C:\\Users\\mibu0\\Documents\\develop\\one-min-ai-monaco-client","app
rovalToken":"[MASKED]"}[0m

      at Logger._log (utils/logger.js:131:13)

    console.log
      [36m[2026-06-21T01:24:01.615Z] [INFO] POST /api/agent/sessions/7ef55c30-1e81-43ee-bd9e-38b3278e2fff/commands {"s
tatus":200,"duration":"2ms","ip":"::ffff:127.0.0.1"}[0m

      at Logger._log (utils/logger.js:131:13)

    console.log
      [36m[2026-06-21T01:24:01.623Z] [INFO] Executing approved command {"sessionId":"7ef55c30-1e81-43ee-bd9e-38b3278e2
fff","command":"echo","cwd":"C:\\Users\\mibu0\\Documents\\develop\\one-min-ai-monaco-client"}[0m

      at Logger._log (utils/logger.js:131:13)

    console.log
      [36m[2026-06-21T01:24:01.623Z] [INFO] Approved command finished {"sessionId":"7ef55c30-1e81-43ee-bd9e-38b3278e2f
ff","command":"echo","exitCode":0,"timedOut":false}[0m

      at Logger._log (utils/logger.js:131:13)

    console.log
      [36m[2026-06-21T01:24:01.624Z] [INFO] POST /api/agent/sessions/7ef55c30-1e81-43ee-bd9e-38b3278e2fff/approve {"st
atus":200,"duration":"3ms","ip":"::ffff:127.0.0.1"}[0m

      at Logger._log (utils/logger.js:131:13)

    console.log
      [36m[2026-06-21T01:24:01.629Z] [INFO] POST /api/agent/sessions {"status":200,"duration":"1ms","ip":"::ffff:127.0
.0.1"}[0m

      at Logger._log (utils/logger.js:131:13)

    console.log
      [36m[2026-06-21T01:24:01.633Z] [INFO] Command execution paused, awaiting user approval {"sessionId":"31b241ac-dc
7b-4302-83d8-89fb78ec477b","command":"echo","cwd":"C:\\Users\\mibu0\\Documents\\develop\\one-min-ai-monaco-client","app
rovalToken":"[MASKED]"}[0m

      at Logger._log (utils/logger.js:131:13)

    console.log
      [36m[2026-06-21T01:24:01.634Z] [INFO] POST /api/agent/sessions/31b241ac-dc7b-4302-83d8-89fb78ec477b/commands {"s
tatus":200,"duration":"2ms","ip":"::ffff:127.0.0.1"}[0m

      at Logger._log (utils/logger.js:131:13)

    console.log
      [36m[2026-06-21T01:24:01.637Z] [INFO] POST /api/agent/sessions/31b241ac-dc7b-4302-83d8-89fb78ec477b/approve {"st
atus":400,"duration":"1ms","ip":"::ffff:127.0.0.1"}[0m

      at Logger._log (utils/logger.js:131:13)

    console.log
      [36m[2026-06-21T01:24:01.643Z] [INFO] POST /api/agent/sessions {"status":200,"duration":"1ms","ip":"::ffff:127.0
.0.1"}[0m

      at Logger._log (utils/logger.js:131:13)

    console.log
      [36m[2026-06-21T01:24:01.646Z] [INFO] Command execution paused, awaiting user approval {"sessionId":"1ccb98c6-42
00-4bdb-8ec6-8ff6ee17182e","command":"echo","cwd":"C:\\Users\\mibu0\\Documents\\develop\\one-min-ai-monaco-client","app
rovalToken":"[MASKED]"}[0m

      at Logger._log (utils/logger.js:131:13)

    console.log
      [36m[2026-06-21T01:24:01.647Z] [INFO] POST /api/agent/sessions/1ccb98c6-4200-4bdb-8ec6-8ff6ee17182e/commands {"s
tatus":200,"duration":"2ms","ip":"::ffff:127.0.0.1"}[0m

      at Logger._log (utils/logger.js:131:13)

    console.log
      [36m[2026-06-21T01:24:01.651Z] [INFO] POST /api/agent/sessions/1ccb98c6-4200-4bdb-8ec6-8ff6ee17182e/approve {"st
atus":400,"duration":"1ms","ip":"::ffff:127.0.0.1"}[0m

      at Logger._log (utils/logger.js:131:13)

    console.log
      [36m[2026-06-21T01:24:01.657Z] [INFO] POST /api/agent/sessions {"status":200,"duration":"2ms","ip":"::ffff:127.0
.0.1"}[0m

      at Logger._log (utils/logger.js:131:13)

    console.log
      [36m[2026-06-21T01:24:01.660Z] [INFO] Command execution paused, awaiting user approval {"sessionId":"d0f97a83-5b
e4-4703-9ad2-0744316cbcb5","command":"echo","cwd":"C:\\Users\\mibu0\\Documents\\develop\\one-min-ai-monaco-client","app
rovalToken":"[MASKED]"}[0m

      at Logger._log (utils/logger.js:131:13)

    console.log
      [36m[2026-06-21T01:24:01.661Z] [INFO] POST /api/agent/sessions/d0f97a83-5be4-4703-9ad2-0744316cbcb5/commands {"s
tatus":200,"duration":"2ms","ip":"::ffff:127.0.0.1"}[0m

      at Logger._log (utils/logger.js:131:13)

    console.log
      [36m[2026-06-21T01:24:01.665Z] [INFO] POST /api/agent/sessions {"status":200,"duration":"2ms","ip":"::ffff:127.0
.0.1"}[0m

      at Logger._log (utils/logger.js:131:13)

    console.log
      [36m[2026-06-21T01:24:01.668Z] [INFO] POST /api/agent/sessions/ef2efed2-c309-4011-9fb6-82550697c3d3/approve {"st
atus":403,"duration":"1ms","ip":"::ffff:127.0.0.1"}[0m

      at Logger._log (utils/logger.js:131:13)

    console.log
      [36m[2026-06-21T01:24:01.673Z] [INFO] POST /api/agent/sessions {"status":200,"duration":"2ms","ip":"::ffff:127.0
.0.1"}[0m

      at Logger._log (utils/logger.js:131:13)

    console.log
      [36m[2026-06-21T01:24:01.676Z] [INFO] Command execution paused, awaiting user approval {"sessionId":"d8824d7b-be
e1-4280-af72-a0a219ed4aad","command":"echo","cwd":"C:\\Users\\mibu0\\Documents\\develop\\one-min-ai-monaco-client","app
rovalToken":"[MASKED]"}[0m

      at Logger._log (utils/logger.js:131:13)

    console.log
      [36m[2026-06-21T01:24:01.677Z] [INFO] POST /api/agent/sessions/d8824d7b-bee1-4280-af72-a0a219ed4aad/commands {"s
tatus":200,"duration":"2ms","ip":"::ffff:127.0.0.1"}[0m

      at Logger._log (utils/logger.js:131:13)

    console.log
      [36m[2026-06-21T01:24:01.680Z] [INFO] Command execution paused, awaiting user approval {"sessionId":"d8824d7b-be
e1-4280-af72-a0a219ed4aad","command":"echo","cwd":"C:\\Users\\mibu0\\Documents\\develop\\one-min-ai-monaco-client","app
rovalToken":"[MASKED]"}[0m

      at Logger._log (utils/logger.js:131:13)

    console.log
      [36m[2026-06-21T01:24:01.681Z] [INFO] POST /api/agent/sessions/d8824d7b-bee1-4280-af72-a0a219ed4aad/commands {"s
tatus":200,"duration":"2ms","ip":"::ffff:127.0.0.1"}[0m

      at Logger._log (utils/logger.js:131:13)

    console.log
      [36m[2026-06-21T01:24:01.684Z] [INFO] Executing approved command {"sessionId":"d8824d7b-bee1-4280-af72-a0a219ed4
aad","command":"echo","cwd":"C:\\Users\\mibu0\\Documents\\develop\\one-min-ai-monaco-client"}[0m

      at Logger._log (utils/logger.js:131:13)

    console.log
      [36m[2026-06-21T01:24:01.684Z] [INFO] Approved command finished {"sessionId":"d8824d7b-bee1-4280-af72-a0a219ed4a
ad","command":"echo","exitCode":0,"timedOut":false}[0m

      at Logger._log (utils/logger.js:131:13)

    console.log
      [36m[2026-06-21T01:24:01.685Z] [INFO] POST /api/agent/sessions/d8824d7b-bee1-4280-af72-a0a219ed4aad/approve {"st
atus":200,"duration":"2ms","ip":"::ffff:127.0.0.1"}[0m

      at Logger._log (utils/logger.js:131:13)

  笳・Agent Approval Flow 窶ｺ POST /sessions/:id/commands with approval required 窶ｺ returns 400 when command is missing

    expect(received).toBe(expected) // Object.is equality

    Expected: "command is required"
    Received: "Invalid input: expected string, received undefined"

    [0m [90m 114 |[39m
     [90m 115 |[39m       expect(response[33m.[39mstatus)[33m.[39mtoBe([35m400[39m)[33m;[39m
    [31m[1m>[22m[39m[90m 116 |[39m       expect(response[33m.[39mbody[33m.[39merror)[33m.[39mtoBe([32m"com
mand is required"[39m)[33m;[39m
     [90m     |[39m                                   [31m[1m^[22m[39m
     [90m 117 |[39m     })[33m;[39m
     [90m 118 |[39m
     [90m 119 |[39m     test([32m"returns 400 when command is blocked by safety check"[39m[33m,[39m [36masync[3
9m () [33m=>[39m {[0m

      at Object.<anonymous> (tests/agent-approval.test.js:116:35)

  笳・Agent Approval Flow 窶ｺ POST /sessions/:id/approve 窶ｺ returns 400 for missing approval token

    expect(received).toBe(expected) // Object.is equality

    Expected: "Invalid or expired approval token"
    Received: "Invalid input: expected string, received undefined"

    [0m [90m 181 |[39m
     [90m 182 |[39m       expect(response[33m.[39mstatus)[33m.[39mtoBe([35m400[39m)[33m;[39m
    [31m[1m>[22m[39m[90m 183 |[39m       expect(response[33m.[39mbody[33m.[39merror)[33m.[39mtoBe([32m"Inv
alid or expired approval token"[39m)[33m;[39m
     [90m     |[39m                                   [31m[1m^[22m[39m
     [90m 184 |[39m       expect(mockExecuteCommand)[33m.[39mnot[33m.[39mtoHaveBeenCalled()[33m;[39m
     [90m 185 |[39m     })[33m;[39m
     [90m 186 |[39m[0m

      at Object.<anonymous> (tests/agent-approval.test.js:183:35)

PASS tests/security-fixes.test.js
  笳・Console

    console.log
      [36m[2026-06-21T01:24:01.572Z] [INFO] GET /api/fs/config {"status":200,"duration":"24ms","ip":"::ffff:127.0.0.1"
}[0m

      at Logger._log (utils/logger.js:131:13)

    console.log
      [33m[2026-06-21T01:24:01.582Z] [WARN] CORS request blocked from origin {"origin":"https://evil.example"}[0m

      at Logger._log (utils/logger.js:131:13)

    console.log
      [36m[2026-06-21T01:24:01.590Z] [INFO] GET /api/fs/config {"status":200,"duration":"1ms","ip":"::ffff:127.0.0.1"}
[0m

      at Logger._log (utils/logger.js:131:13)

    console.log
      [31m[2026-06-21T01:24:01.606Z] [ERROR] API Error: 502 {"error":"1min.ai chat failed: credit exceeded","status":5
02,"method":"POST","url":"/api/chat"}[0m

      at Logger._log (utils/logger.js:131:13)

    console.log
      [36m[2026-06-21T01:24:01.607Z] [INFO] POST /api/chat {"status":502,"duration":"12ms","ip":"::ffff:127.0.0.1"}[0
m

      at Logger._log (utils/logger.js:131:13)

    console.log
      [31m[2026-06-21T01:24:01.612Z] [ERROR] API Error: 502 {"error":"1min.ai image generation failed: moderation","st
atus":502,"method":"POST","url":"/api/images/generate"}[0m

      at Logger._log (utils/logger.js:131:13)

    console.log
      [36m[2026-06-21T01:24:01.613Z] [INFO] POST /api/images/generate {"status":502,"duration":"2ms","ip":"::ffff:127.
0.0.1"}[0m

      at Logger._log (utils/logger.js:131:13)

    console.log
      [36m[2026-06-21T01:24:01.618Z] [INFO] POST /api/chat {"status":400,"duration":"1ms","ip":"::ffff:127.0.0.1"}[0m

      at Logger._log (utils/logger.js:131:13)

    console.log
      [36m[2026-06-21T01:24:01.626Z] [INFO] POST /api/chat {"status":400,"duration":"0ms","ip":"::ffff:127.0.0.1"}[0m

      at Logger._log (utils/logger.js:131:13)

    console.log
      [36m[2026-06-21T01:24:01.631Z] [INFO] POST /api/chat {"status":400,"duration":"1ms","ip":"::ffff:127.0.0.1"}[0m

      at Logger._log (utils/logger.js:131:13)

    console.log
      [36m[2026-06-21T01:24:01.636Z] [INFO] POST /api/images/generate {"status":400,"duration":"1ms","ip":"::ffff:127.
0.0.1"}[0m

      at Logger._log (utils/logger.js:131:13)

    console.log
      [33m[2026-06-21T01:24:01.659Z] [WARN] CORS request blocked from origin {"origin":"https://evil.example.com"}[0m

      at Logger._log (utils/logger.js:131:13)

    console.log
      [36m[2026-06-21T01:24:01.668Z] [INFO] GET /api/fs/read?path=C%3A%5CUsers%5Cmibu0%5CAppData%5CLocal%5CTemp%5Cfs-r
ead-symlink-uEnWmm%5Cok.txt {"status":200,"duration":"4ms","ip":"::ffff:127.0.0.1"}[0m

      at Logger._log (utils/logger.js:131:13)

    console.log
      [31m[2026-06-21T01:24:01.674Z] [ERROR] API Error: 403 {"error":"Access denied: Path is outside the allowed direc
tories","status":403,"method":"GET","url":"/api/fs/read?path=C%3A%5CUsers%5Cmibu0%5CAppData%5CLocal%5CTemp%5Cfs-read-sy
mlink-uEnWmm%5Clink.txt"}[0m

      at Logger._log (utils/logger.js:131:13)

    console.log
      [36m[2026-06-21T01:24:01.676Z] [INFO] GET /api/fs/read?path=C%3A%5CUsers%5Cmibu0%5CAppData%5CLocal%5CTemp%5Cfs-r
ead-symlink-uEnWmm%5Clink.txt {"status":403,"duration":"4ms","ip":"::ffff:127.0.0.1"}[0m

      at Logger._log (utils/logger.js:131:13)

    console.log
      [33m[2026-06-21T01:24:01.688Z] [WARN] Blocked request with suspicious Host header {"host":"evil.example.com"}[0
m

      at Logger._log (utils/logger.js:131:13)

    console.log
      [36m[2026-06-21T01:24:01.694Z] [INFO] POST /api/agent/sessions {"status":200,"duration":"3ms","ip":"::ffff:127.0
.0.1"}[0m

      at Logger._log (utils/logger.js:131:13)

    console.log
      [36m[2026-06-21T01:24:01.699Z] [INFO] GET /api/agent/sessions/43f91940-25f5-482c-ae88-66cf3d5cf040/files?path=ok
.txt {"status":200,"duration":"3ms","ip":"::ffff:127.0.0.1"}[0m

      at Logger._log (utils/logger.js:131:13)

    console.log
      [31m[2026-06-21T01:24:01.704Z] [ERROR] API Error: 403 {"error":"Access denied: Path is outside the allowed direc
tories","status":403,"method":"GET","url":"/api/agent/sessions/43f91940-25f5-482c-ae88-66cf3d5cf040/files?path=link.txt
"}[0m

      at Logger._log (utils/logger.js:131:13)

    console.log
      [36m[2026-06-21T01:24:01.705Z] [INFO] GET /api/agent/sessions/43f91940-25f5-482c-ae88-66cf3d5cf040/files?path=li
nk.txt {"status":403,"duration":"2ms","ip":"::ffff:127.0.0.1"}[0m

      at Logger._log (utils/logger.js:131:13)

FAIL tests/agent-routes.test.js
  笳・Console

    console.log
      [36m[2026-06-21T01:24:01.545Z] [INFO] POST /api/agent/sessions {"status":200,"duration":"14ms","ip":"::ffff:127.
0.0.1"}[0m

      at Logger._log (utils/logger.js:131:13)

    console.log
      [36m[2026-06-21T01:24:01.572Z] [INFO] GET /api/agent/sessions/ab185ac3-399f-491d-bc96-6508f7c9d2e4/dir?path=conf
ig {"status":200,"duration":"20ms","ip":"::ffff:127.0.0.1"}[0m

      at Logger._log (utils/logger.js:131:13)

    console.log
      [36m[2026-06-21T01:24:01.580Z] [INFO] POST /api/agent/sessions {"status":200,"duration":"2ms","ip":"::ffff:127.0
.0.1"}[0m

      at Logger._log (utils/logger.js:131:13)

    console.log
      [36m[2026-06-21T01:24:01.584Z] [INFO] GET /api/agent/sessions/invalid-id/dir?path=config {"status":404,"duration
":"1ms","ip":"::ffff:127.0.0.1"}[0m

      at Logger._log (utils/logger.js:131:13)

    console.log
      [36m[2026-06-21T01:24:01.591Z] [INFO] POST /api/agent/sessions {"status":200,"duration":"2ms","ip":"::ffff:127.0
.0.1"}[0m

      at Logger._log (utils/logger.js:131:13)

    console.log
      [31m[2026-06-21T01:24:01.595Z] [ERROR] API Error: 403 {"error":"Access denied: Path is protected: .env","status"
:403,"method":"GET","url":"/api/agent/sessions/5979d823-6780-42c9-b958-3c7ac16c2ffd/dir?path=.env"}[0m

      at Logger._log (utils/logger.js:131:13)

    console.log
      [36m[2026-06-21T01:24:01.596Z] [INFO] GET /api/agent/sessions/5979d823-6780-42c9-b958-3c7ac16c2ffd/dir?path=.env
 {"status":403,"duration":"3ms","ip":"::ffff:127.0.0.1"}[0m

      at Logger._log (utils/logger.js:131:13)

    console.log
      [36m[2026-06-21T01:24:01.602Z] [INFO] POST /api/agent/sessions {"status":200,"duration":"2ms","ip":"::ffff:127.0
.0.1"}[0m

      at Logger._log (utils/logger.js:131:13)

    console.log
      [36m[2026-06-21T01:24:01.613Z] [INFO] POST /api/agent/sessions/f7bba471-4c2f-42f7-bf67-2db17776e783/diff {"statu
s":200,"duration":"6ms","ip":"::ffff:127.0.0.1"}[0m

      at Logger._log (utils/logger.js:131:13)

    console.log
      [36m[2026-06-21T01:24:01.620Z] [INFO] POST /api/agent/sessions {"status":200,"duration":"2ms","ip":"::ffff:127.0
.0.1"}[0m

      at Logger._log (utils/logger.js:131:13)

    console.log
      [36m[2026-06-21T01:24:01.629Z] [INFO] POST /api/agent/sessions/5b5eadb1-a191-4989-8ce6-cb679674e927/diff {"statu
s":200,"duration":"5ms","ip":"::ffff:127.0.0.1"}[0m

      at Logger._log (utils/logger.js:131:13)

    console.log
      [36m[2026-06-21T01:24:01.638Z] [INFO] POST /api/agent/sessions {"status":200,"duration":"1ms","ip":"::ffff:127.0
.0.1"}[0m

      at Logger._log (utils/logger.js:131:13)

    console.log
      [36m[2026-06-21T01:24:01.646Z] [INFO] POST /api/agent/sessions/b9084374-3c6c-4b60-9f1b-49d61bb0d2c7/diff {"statu
s":200,"duration":"5ms","ip":"::ffff:127.0.0.1"}[0m

      at Logger._log (utils/logger.js:131:13)

    console.log
      [36m[2026-06-21T01:24:01.651Z] [INFO] POST /api/agent/sessions {"status":200,"duration":"2ms","ip":"::ffff:127.0
.0.1"}[0m

      at Logger._log (utils/logger.js:131:13)

    console.log
      [36m[2026-06-21T01:24:01.657Z] [INFO] POST /api/agent/sessions/8cf010e7-f505-425a-946d-f8b3afbb09de/diff {"statu
s":400,"duration":"3ms","ip":"::ffff:127.0.0.1"}[0m

      at Logger._log (utils/logger.js:131:13)

    console.log
      [36m[2026-06-21T01:24:01.662Z] [INFO] POST /api/agent/sessions {"status":200,"duration":"2ms","ip":"::ffff:127.0
.0.1"}[0m

      at Logger._log (utils/logger.js:131:13)

    console.log
      [33m[2026-06-21T01:24:01.668Z] [WARN] SEARCH block matched 2 times in C:\Users\mibu0\Documents\develop\one-min-a
i-monaco-client\temp-diff-test.txt; requiring disambiguation {"searchLines":1}[0m

      at Logger._log (utils/logger.js:131:13)

    console.log
      [36m[2026-06-21T01:24:01.669Z] [INFO] POST /api/agent/sessions/71f01644-14d8-4ec6-b424-7b4a5626701a/diff {"statu
s":400,"duration":"4ms","ip":"::ffff:127.0.0.1"}[0m

      at Logger._log (utils/logger.js:131:13)

    console.log
      [36m[2026-06-21T01:24:01.673Z] [INFO] POST /api/agent/sessions {"status":200,"duration":"1ms","ip":"::ffff:127.0
.0.1"}[0m

      at Logger._log (utils/logger.js:131:13)

    console.log
      [36m[2026-06-21T01:24:01.680Z] [INFO] POST /api/agent/sessions/9ee19a7f-b2ae-48c8-8310-82e177bcc711/diff {"statu
s":400,"duration":"4ms","ip":"::ffff:127.0.0.1"}[0m

      at Logger._log (utils/logger.js:131:13)

    console.log
      [36m[2026-06-21T01:24:01.684Z] [INFO] POST /api/agent/sessions {"status":200,"duration":"1ms","ip":"::ffff:127.0
.0.1"}[0m

      at Logger._log (utils/logger.js:131:13)

    console.log
      [36m[2026-06-21T01:24:01.956Z] [INFO] GET /api/agent/sessions/a49cc4da-cda5-4f36-b628-4818d412b004/search?query=
needle {"status":200,"duration":"268ms","ip":"::ffff:127.0.0.1"}[0m

      at Logger._log (utils/logger.js:131:13)

    console.log
      [36m[2026-06-21T01:24:01.960Z] [INFO] POST /api/agent/sessions {"status":200,"duration":"1ms","ip":"::ffff:127.0
.0.1"}[0m

      at Logger._log (utils/logger.js:131:13)

    console.log
      [36m[2026-06-21T01:24:01.963Z] [INFO] GET /api/agent/sessions/39fde373-3da3-42f8-aa39-20524e2a5947/search {"stat
us":400,"duration":"1ms","ip":"::ffff:127.0.0.1"}[0m

      at Logger._log (utils/logger.js:131:13)

    console.log
      [36m[2026-06-21T01:24:01.968Z] [INFO] POST /api/agent/sessions {"status":200,"duration":"1ms","ip":"::ffff:127.0
.0.1"}[0m

      at Logger._log (utils/logger.js:131:13)

    console.log
      [31m[2026-06-21T01:24:01.970Z] [ERROR] API Error: 403 {"error":"Access denied: Path is protected: .env","status"
:403,"method":"GET","url":"/api/agent/sessions/3c7b8202-f637-48d1-86da-75705a07833a/search?query=dummy&dir=.env"}[0m

      at Logger._log (utils/logger.js:131:13)

    console.log
      [36m[2026-06-21T01:24:01.971Z] [INFO] GET /api/agent/sessions/3c7b8202-f637-48d1-86da-75705a07833a/search?query=
dummy&dir=.env {"status":403,"duration":"2ms","ip":"::ffff:127.0.0.1"}[0m

      at Logger._log (utils/logger.js:131:13)

  笳・Agent Directory and Patch Routes 窶ｺ GET /api/agent/sessions/:id/search 窶ｺ should return 400 for missing query

    expect(received).toBe(expected) // Object.is equality

    Expected: "query is required"
    Received: "Invalid input: expected string, received undefined"

    [0m [90m 231 |[39m
     [90m 232 |[39m       expect(response[33m.[39mstatus)[33m.[39mtoBe([35m400[39m)[33m;[39m
    [31m[1m>[22m[39m[90m 233 |[39m       expect(response[33m.[39mbody[33m.[39merror)[33m.[39mtoBe([32m"que
ry is required"[39m)[33m;[39m
     [90m     |[39m                                   [31m[1m^[22m[39m
     [90m 234 |[39m     })[33m;[39m
     [90m 235 |[39m
     [90m 236 |[39m     test([32m"should return 403 for protected search directory"[39m[33m,[39m [36masync[39m 
() [33m=>[39m {[0m

      at Object.<anonymous> (tests/agent-routes.test.js:233:35)

PASS tests/command-runner.test.js

Test Suites: 2 failed, 15 passed, 17 total
Tests:       3 failed, 270 passed, 273 total
Snapshots:   0 total
Time:        1.78 s, estimated 2 s
Ran all test suites.
