(node:25336) ExperimentalWarning: VM Modules is an experimental feature and might change at any time
(Use `node --trace-warnings ...` to show where the warning was created)
PASS tests/web-search.test.js
(node:10612) ExperimentalWarning: VM Modules is an experimental feature and might change at any time
(Use `node --trace-warnings ...` to show where the warning was created)
PASS tests/api-client.test.js
(node:21420) ExperimentalWarning: VM Modules is an experimental feature and might change at any time
(Use `node --trace-warnings ...` to show where the warning was created)
(node:32356) ExperimentalWarning: VM Modules is an experimental feature and might change at any time
(Use `node --trace-warnings ...` to show where the warning was created)
PASS tests/fs-guard.test.js
(node:29132) ExperimentalWarning: VM Modules is an experimental feature and might change at any time
(Use `node --trace-warnings ...` to show where the warning was created)
(node:1160) ExperimentalWarning: VM Modules is an experimental feature and might change at any time
(Use `node --trace-warnings ...` to show where the warning was created)
(node:33824) ExperimentalWarning: VM Modules is an experimental feature and might change at any time
(Use `node --trace-warnings ...` to show where the warning was created)
(node:7616) ExperimentalWarning: VM Modules is an experimental feature and might change at any time
(Use `node --trace-warnings ...` to show where the warning was created)
(node:34376) ExperimentalWarning: VM Modules is an experimental feature and might change at any time
(Use `node --trace-warnings ...` to show where the warning was created)
(node:10832) ExperimentalWarning: VM Modules is an experimental feature and might change at any time
(Use `node --trace-warnings ...` to show where the warning was created)
PASS tests/routes.test.js
  ● Console

    console.log
      [36m[2026-06-17T08:36:12.330Z] [INFO] GET /api/models {"status":200,"duration":"5ms","ip":"::ffff:127.0.0.1"}[0m

      at Logger._log (utils/logger.js:83:17)

    console.log
      [36m[2026-06-17T08:36:12.346Z] [INFO] Loaded 125 agent sessions from persistence[0m

      at Logger._log (utils/logger.js:83:17)

    console.log
      [36m[2026-06-17T08:36:12.358Z] [INFO] POST /api/chat {"status":200,"duration":"11ms","ip":"::ffff:127.0.0.1"}[0m

      at Logger._log (utils/logger.js:83:17)

    console.log
      [36m[2026-06-17T08:36:12.364Z] [INFO] POST /api/chat {"status":400,"duration":"1ms","ip":"::ffff:127.0.0.1"}[0m

      at Logger._log (utils/logger.js:83:17)

    console.log
      [36m[2026-06-17T08:36:12.369Z] [INFO] POST /api/images/generate {"status":200,"duration":"1ms","ip":"::ffff:127.0.0.1"}[0m

      at Logger._log (utils/logger.js:83:17)

    console.log
      [36m[2026-06-17T08:36:12.374Z] [INFO] POST /api/images/generate {"status":400,"duration":"1ms","ip":"::ffff:127.0.0.1"}[0m

      at Logger._log (utils/logger.js:83:17)

    console.log
      [36m[2026-06-17T08:36:12.380Z] [INFO] POST /api/code/generate {"status":200,"duration":"2ms","ip":"::ffff:127.0.0.1"}[0m

      at Logger._log (utils/logger.js:83:17)

    console.log
      [36m[2026-06-17T08:36:12.386Z] [INFO] POST /api/code/generate {"status":400,"duration":"1ms","ip":"::ffff:127.0.0.1"}[0m

      at Logger._log (utils/logger.js:83:17)

    console.log
      [36m[2026-06-17T08:36:12.393Z] [INFO] Processing asset upload {"filename":"test.txt","size":5,"mimetype":"text/plain"}[0m

      at Logger._log (utils/logger.js:83:17)

    console.log
      [36m[2026-06-17T08:36:12.394Z] [INFO] Asset upload successful {"filename":"test.txt"}[0m

      at Logger._log (utils/logger.js:83:17)

    console.log
      [36m[2026-06-17T08:36:12.395Z] [INFO] POST /api/assets/upload {"status":200,"duration":"5ms","ip":"::ffff:127.0.0.1"}[0m

      at Logger._log (utils/logger.js:83:17)

    console.log
      [36m[2026-06-17T08:36:12.400Z] [INFO] POST /api/code/autocomplete {"status":200,"duration":"2ms","ip":"::ffff:127.0.0.1"}[0m

      at Logger._log (utils/logger.js:83:17)

PASS tests/security-fixes.test.js
  ● Console

    console.log
      [36m[2026-06-17T08:36:12.334Z] [INFO] GET /api/fs/config {"status":200,"duration":"5ms","ip":"::ffff:127.0.0.1"}[0m

      at Logger._log (utils/logger.js:83:17)

    console.log
      [36m[2026-06-17T08:36:12.345Z] [INFO] Loaded 1 agent sessions from persistence[0m

      at Logger._log (utils/logger.js:83:17)

    console.log
      [31m[2026-06-17T08:36:12.346Z] [ERROR] API Error: 403 {"error":"Cross-origin requests are not allowed without a valid token","status":403,"method":"GET","url":"/api/fs/config"}[0m

      at Logger._log (utils/logger.js:83:17)

    console.log
      [36m[2026-06-17T08:36:12.348Z] [INFO] GET /api/fs/config {"status":403,"duration":"2ms","ip":"::ffff:127.0.0.1"}[0m

      at Logger._log (utils/logger.js:83:17)

    console.log
      [31m[2026-06-17T08:36:12.352Z] [ERROR] API Error: 403 {"error":"Local BFF authentication required or invalid token","status":403,"method":"GET","url":"/api/fs/config"}[0m

      at Logger._log (utils/logger.js:83:17)

    console.log
      [36m[2026-06-17T08:36:12.353Z] [INFO] GET /api/fs/config {"status":403,"duration":"1ms","ip":"::ffff:127.0.0.1"}[0m

      at Logger._log (utils/logger.js:83:17)

    console.log
      [31m[2026-06-17T08:36:12.371Z] [ERROR] API Error: 502 {"error":"1min.ai chat failed: credit exceeded","status":502,"method":"POST","url":"/api/chat"}[0m

      at Logger._log (utils/logger.js:83:17)

    console.log
      [36m[2026-06-17T08:36:12.372Z] [INFO] POST /api/chat {"status":502,"duration":"11ms","ip":"::ffff:127.0.0.1"}[0m

      at Logger._log (utils/logger.js:83:17)

    console.log
      [31m[2026-06-17T08:36:12.378Z] [ERROR] API Error: 502 {"error":"1min.ai image generation failed: moderation","status":502,"method":"POST","url":"/api/images/generate"}[0m

      at Logger._log (utils/logger.js:83:17)

    console.log
      [36m[2026-06-17T08:36:12.378Z] [INFO] POST /api/images/generate {"status":502,"duration":"1ms","ip":"::ffff:127.0.0.1"}[0m

      at Logger._log (utils/logger.js:83:17)

    console.log
      [36m[2026-06-17T08:36:12.383Z] [INFO] POST /api/chat {"status":400,"duration":"1ms","ip":"::ffff:127.0.0.1"}[0m

      at Logger._log (utils/logger.js:83:17)

    console.log
      [36m[2026-06-17T08:36:12.388Z] [INFO] POST /api/chat {"status":400,"duration":"1ms","ip":"::ffff:127.0.0.1"}[0m

      at Logger._log (utils/logger.js:83:17)

    console.log
      [36m[2026-06-17T08:36:12.392Z] [INFO] POST /api/chat {"status":400,"duration":"1ms","ip":"::ffff:127.0.0.1"}[0m

      at Logger._log (utils/logger.js:83:17)

    console.log
      [36m[2026-06-17T08:36:12.396Z] [INFO] POST /api/images/generate {"status":400,"duration":"1ms","ip":"::ffff:127.0.0.1"}[0m

      at Logger._log (utils/logger.js:83:17)

PASS tests/known-issues-fixes.test.js
  ● Console

    console.log
      [36m[2026-06-17T08:36:12.337Z] [INFO] POST /api/images/generate {"status":400,"duration":"11ms","ip":"::ffff:127.0.0.1"}[0m

      at Logger._log (utils/logger.js:83:17)

    console.log
      [36m[2026-06-17T08:36:12.349Z] [INFO] POST /api/images/generate {"status":200,"duration":"1ms","ip":"::ffff:127.0.0.1"}[0m

      at Logger._log (utils/logger.js:83:17)

    console.log
      [36m[2026-06-17T08:36:12.350Z] [INFO] Loaded 1 agent sessions from persistence[0m

      at Logger._log (utils/logger.js:83:17)

    console.log
      [36m[2026-06-17T08:36:12.355Z] [INFO] POST /api/images/generate {"status":400,"duration":"0ms","ip":"::ffff:127.0.0.1"}[0m

      at Logger._log (utils/logger.js:83:17)

    console.log
      [36m[2026-06-17T08:36:12.359Z] [INFO] POST /api/images/generate {"status":400,"duration":"0ms","ip":"::ffff:127.0.0.1"}[0m

      at Logger._log (utils/logger.js:83:17)

    console.log
      [36m[2026-06-17T08:36:12.364Z] [INFO] POST /api/images/generate {"status":400,"duration":"1ms","ip":"::ffff:127.0.0.1"}[0m

      at Logger._log (utils/logger.js:83:17)

    console.log
      [36m[2026-06-17T08:36:12.367Z] [INFO] POST /api/images/generate {"status":400,"duration":"0ms","ip":"::ffff:127.0.0.1"}[0m

      at Logger._log (utils/logger.js:83:17)

    console.log
      [36m[2026-06-17T08:36:12.373Z] [INFO] POST /api/images/text-editor {"status":400,"duration":"1ms","ip":"::ffff:127.0.0.1"}[0m

      at Logger._log (utils/logger.js:83:17)

    console.log
      [36m[2026-06-17T08:36:12.378Z] [INFO] POST /api/images/generate {"status":200,"duration":"0ms","ip":"::ffff:127.0.0.1"}[0m

      at Logger._log (utils/logger.js:83:17)

    console.log
      [36m[2026-06-17T08:36:12.384Z] [INFO] POST /api/images/text-editor {"status":400,"duration":"1ms","ip":"::ffff:127.0.0.1"}[0m

      at Logger._log (utils/logger.js:83:17)

    console.log
      [36m[2026-06-17T08:36:12.389Z] [INFO] POST /api/images/text-editor {"status":200,"duration":"1ms","ip":"::ffff:127.0.0.1"}[0m

      at Logger._log (utils/logger.js:83:17)

    console.log
      [36m[2026-06-17T08:36:12.399Z] [INFO] POST /api/agent/sessions {"status":200,"duration":"4ms","ip":"::ffff:127.0.0.1"}[0m

      at Logger._log (utils/logger.js:83:17)

    console.log
      [36m[2026-06-17T08:36:12.413Z] [INFO] GET /api/agent/sessions/e16a14a5-7adc-4b80-ba21-113d1216ee67/search?query=needle {"status":200,"duration":"9ms","ip":"::ffff:127.0.0.1"}[0m

      at Logger._log (utils/logger.js:83:17)

PASS tests/server.test.js
  ● Console

    console.log
      [36m[2026-06-17T08:36:12.332Z] [INFO] GET /api/health {"status":200,"duration":"3ms","ip":"::ffff:127.0.0.1"}[0m

      at Logger._log (utils/logger.js:83:17)

    console.log
      [31m[2026-06-17T08:36:12.344Z] [ERROR] Failed to load sessions from file {"error":"Unexpected end of JSON input"}[0m

      at Logger._log (utils/logger.js:83:17)

    console.log
      [36m[2026-06-17T08:36:12.346Z] [INFO] GET /api/health {"status":200,"duration":"1ms","ip":"::ffff:127.0.0.1"}[0m

      at Logger._log (utils/logger.js:83:17)

    console.log
      [31m[2026-06-17T08:36:12.351Z] [ERROR] API Error: 403 {"error":"Local BFF authentication required or invalid token","status":403,"method":"GET","url":"/api/fs/config"}[0m

      at Logger._log (utils/logger.js:83:17)

    console.log
      [36m[2026-06-17T08:36:12.354Z] [INFO] GET /api/fs/config {"status":403,"duration":"3ms","ip":"::ffff:127.0.0.1"}[0m

      at Logger._log (utils/logger.js:83:17)

    console.log
      [31m[2026-06-17T08:36:12.371Z] [ERROR] API Error: 403 {"error":"Local BFF authentication required or invalid token","status":403,"method":"POST","url":"/api/chat"}[0m

      at Logger._log (utils/logger.js:83:17)

    console.log
      [36m[2026-06-17T08:36:12.373Z] [INFO] POST /api/chat {"status":403,"duration":"11ms","ip":"::ffff:127.0.0.1"}[0m

      at Logger._log (utils/logger.js:83:17)

    console.log
      [36m[2026-06-17T08:36:12.379Z] [INFO] POST /api/chat {"status":200,"duration":"2ms","ip":"::ffff:127.0.0.1"}[0m

      at Logger._log (utils/logger.js:83:17)

    console.log
      [36m[2026-06-17T08:36:12.385Z] [INFO] GET /api/fs/config {"status":200,"duration":"1ms","ip":"::ffff:127.0.0.1"}[0m

      at Logger._log (utils/logger.js:83:17)

    console.log
      [31m[2026-06-17T08:36:12.389Z] [ERROR] API Error: 403 {"error":"Local BFF authentication required or invalid token","status":403,"method":"GET","url":"/api/fs/config"}[0m

      at Logger._log (utils/logger.js:83:17)

    console.log
      [36m[2026-06-17T08:36:12.390Z] [INFO] GET /api/fs/config {"status":403,"duration":"1ms","ip":"::ffff:127.0.0.1"}[0m

      at Logger._log (utils/logger.js:83:17)

    console.log
      [31m[2026-06-17T08:36:12.394Z] [ERROR] API Error: 403 {"error":"Cross-origin requests are not allowed without a valid token","status":403,"method":"GET","url":"/api/fs/config"}[0m

      at Logger._log (utils/logger.js:83:17)

    console.log
      [36m[2026-06-17T08:36:12.395Z] [INFO] GET /api/fs/config {"status":403,"duration":"1ms","ip":"::ffff:127.0.0.1"}[0m

      at Logger._log (utils/logger.js:83:17)

    console.log
      [36m[2026-06-17T08:36:12.399Z] [INFO] GET /api/fs/config {"status":200,"duration":"0ms","ip":"::ffff:127.0.0.1"}[0m

      at Logger._log (utils/logger.js:83:17)

    console.log
      [36m[2026-06-17T08:36:12.404Z] [INFO] GET /api/models {"status":200,"duration":"1ms","ip":"::ffff:127.0.0.1"}[0m

      at Logger._log (utils/logger.js:83:17)

    console.log
      [36m[2026-06-17T08:36:12.416Z] [INFO] GET /api/fs/read?path=server.js {"status":200,"duration":"3ms","ip":"::ffff:127.0.0.1"}[0m

      at Logger._log (utils/logger.js:83:17)

    console.log
      [31m[2026-06-17T08:36:12.422Z] [ERROR] API Error: 403 {"error":"Access denied: Path is protected: .env","status":403,"method":"GET","url":"/api/fs/read?path=.env"}[0m

      at Logger._log (utils/logger.js:83:17)

    console.log
      [36m[2026-06-17T08:36:12.424Z] [INFO] GET /api/fs/read?path=.env {"status":403,"duration":"3ms","ip":"::ffff:127.0.0.1"}[0m

      at Logger._log (utils/logger.js:83:17)

    console.log
      [36m[2026-06-17T08:36:12.429Z] [INFO] POST /api/chat {"status":200,"duration":"1ms","ip":"::ffff:127.0.0.1"}[0m

      at Logger._log (utils/logger.js:83:17)

PASS tests/agent-routes.test.js
  ● Console

    console.log
      [36m[2026-06-17T08:36:12.333Z] [INFO] Loaded 125 agent sessions from persistence[0m

      at Logger._log (utils/logger.js:83:17)

    console.log
      [36m[2026-06-17T08:36:12.337Z] [INFO] POST /api/agent/sessions {"status":200,"duration":"14ms","ip":"::ffff:127.0.0.1"}[0m

      at Logger._log (utils/logger.js:83:17)

    console.log
      [36m[2026-06-17T08:36:12.352Z] [INFO] GET /api/agent/sessions/d0a8a6fe-6496-47f1-9326-af04dbd10e1f/dir?path=config {"status":200,"duration":"4ms","ip":"::ffff:127.0.0.1"}[0m

      at Logger._log (utils/logger.js:83:17)

    console.log
      [36m[2026-06-17T08:36:12.366Z] [INFO] POST /api/agent/sessions {"status":200,"duration":"7ms","ip":"::ffff:127.0.0.1"}[0m

      at Logger._log (utils/logger.js:83:17)

    console.log
      [36m[2026-06-17T08:36:12.370Z] [INFO] GET /api/agent/sessions/invalid-id/dir?path=config {"status":404,"duration":"1ms","ip":"::ffff:127.0.0.1"}[0m

      at Logger._log (utils/logger.js:83:17)

    console.log
      [36m[2026-06-17T08:36:12.377Z] [INFO] POST /api/agent/sessions {"status":200,"duration":"3ms","ip":"::ffff:127.0.0.1"}[0m

      at Logger._log (utils/logger.js:83:17)

    console.log
      [31m[2026-06-17T08:36:12.382Z] [ERROR] API Error: 403 {"error":"Access denied: Path is protected: .env","status":403,"method":"GET","url":"/api/agent/sessions/01f21c74-f4f0-4cf0-9d8e-88c5f77a7477/dir?path=.env"}[0m

      at Logger._log (utils/logger.js:83:17)

    console.log
      [36m[2026-06-17T08:36:12.383Z] [INFO] GET /api/agent/sessions/01f21c74-f4f0-4cf0-9d8e-88c5f77a7477/dir?path=.env {"status":403,"duration":"3ms","ip":"::ffff:127.0.0.1"}[0m

      at Logger._log (utils/logger.js:83:17)

    console.log
      [36m[2026-06-17T08:36:12.390Z] [INFO] POST /api/agent/sessions {"status":200,"duration":"3ms","ip":"::ffff:127.0.0.1"}[0m

      at Logger._log (utils/logger.js:83:17)

    console.log
      [36m[2026-06-17T08:36:12.396Z] [INFO] POST /api/agent/sessions/bacf6663-de45-47a1-a23c-928dce7f3dea/diff {"status":200,"duration":"3ms","ip":"::ffff:127.0.0.1"}[0m

      at Logger._log (utils/logger.js:83:17)

    console.log
      [36m[2026-06-17T08:36:12.404Z] [INFO] POST /api/agent/sessions {"status":200,"duration":"3ms","ip":"::ffff:127.0.0.1"}[0m

      at Logger._log (utils/logger.js:83:17)

    console.log
      [36m[2026-06-17T08:36:12.412Z] [INFO] POST /api/agent/sessions/8c4e845a-aef2-4bd7-8b53-c059cf839f1e/diff {"status":200,"duration":"4ms","ip":"::ffff:127.0.0.1"}[0m

      at Logger._log (utils/logger.js:83:17)

    console.log
      [36m[2026-06-17T08:36:12.422Z] [INFO] POST /api/agent/sessions {"status":200,"duration":"5ms","ip":"::ffff:127.0.0.1"}[0m

      at Logger._log (utils/logger.js:83:17)

    console.log
      [36m[2026-06-17T08:36:12.431Z] [INFO] POST /api/agent/sessions/5070b9b0-ab03-4fbf-8c8d-9d62d54c64ef/diff {"status":200,"duration":"3ms","ip":"::ffff:127.0.0.1"}[0m

      at Logger._log (utils/logger.js:83:17)

    console.log
      [36m[2026-06-17T08:36:12.438Z] [INFO] POST /api/agent/sessions {"status":200,"duration":"3ms","ip":"::ffff:127.0.0.1"}[0m

      at Logger._log (utils/logger.js:83:17)

    console.log
      [36m[2026-06-17T08:36:12.442Z] [INFO] POST /api/agent/sessions/562af850-52e9-4a00-8dd1-f9551a7818bf/diff {"status":400,"duration":"2ms","ip":"::ffff:127.0.0.1"}[0m

      at Logger._log (utils/logger.js:83:17)

    console.log
      [36m[2026-06-17T08:36:12.447Z] [INFO] POST /api/agent/sessions {"status":200,"duration":"2ms","ip":"::ffff:127.0.0.1"}[0m

      at Logger._log (utils/logger.js:83:17)

    console.log
      [36m[2026-06-17T08:36:12.451Z] [INFO] POST /api/agent/sessions/b76b399f-a086-4e9e-9ab9-f0460d835ef6/diff {"status":400,"duration":"2ms","ip":"::ffff:127.0.0.1"}[0m

      at Logger._log (utils/logger.js:83:17)

    console.log
      [36m[2026-06-17T08:36:12.456Z] [INFO] POST /api/agent/sessions {"status":200,"duration":"2ms","ip":"::ffff:127.0.0.1"}[0m

      at Logger._log (utils/logger.js:83:17)

    console.log
      [36m[2026-06-17T08:36:12.460Z] [INFO] POST /api/agent/sessions/11c87fbc-61ae-4b95-b589-c3447b120661/diff {"status":400,"duration":"2ms","ip":"::ffff:127.0.0.1"}[0m

      at Logger._log (utils/logger.js:83:17)

PASS tests/review-fixes.test.js
  ● Console

    console.log
      [31m[2026-06-17T08:36:12.332Z] [ERROR] API Error: 502 {"error":"1min.ai conversation creation failed: credit exceeded","status":502,"method":"POST","url":"/api/conversations"}[0m

      at Logger._log (utils/logger.js:83:17)

    console.log
      [36m[2026-06-17T08:36:12.338Z] [INFO] POST /api/conversations {"status":502,"duration":"15ms","ip":"::ffff:127.0.0.1"}[0m

      at Logger._log (utils/logger.js:83:17)

    console.log
      [36m[2026-06-17T08:36:12.356Z] [INFO] POST /api/conversations {"status":200,"duration":"1ms","ip":"::ffff:127.0.0.1"}[0m

      at Logger._log (utils/logger.js:83:17)

    console.log
      [36m[2026-06-17T08:36:12.356Z] [INFO] Loaded 1 agent sessions from persistence[0m

      at Logger._log (utils/logger.js:83:17)

    console.log
      [31m[2026-06-17T08:36:12.454Z] [ERROR] API Error: 413 {"error":"File too large","status":413,"method":"POST","url":"/api/assets/upload"}[0m

      at Logger._log (utils/logger.js:83:17)

    console.log
      [36m[2026-06-17T08:36:12.456Z] [INFO] POST /api/assets/upload {"status":413,"duration":"77ms","ip":"::ffff:127.0.0.1"}[0m

      at Logger._log (utils/logger.js:83:17)

    console.log
      [36m[2026-06-17T08:36:12.464Z] [INFO] POST /api/code/generate {"status":200,"duration":"1ms","ip":"::ffff:127.0.0.1"}[0m

      at Logger._log (utils/logger.js:83:17)

PASS tests/command-runner.test.js
A worker process has failed to exit gracefully and has been force exited. This is likely caused by tests leaking due to improper teardown. Try running with --detectOpenHandles to find leaks. Active timers can also cause this, ensure that .unref() was called on them.

Test Suites: 10 passed, 10 total
Tests:       151 passed, 151 total
Snapshots:   0 total
Time:        2.132 s
Ran all test suites.
